STUDENT2@MIT-ICT-LAB8-03:~$ mkdir 210953218_AK
STUDENT2@MIT-ICT-LAB8-03:~$ ls
 210911010      Desktop     Music                     Pictures   Templates
 210953218_AK   Documents   obq                       pqr        Videos
 abc            Downloads  'OS LAB MANUAL 2022.pdf'   Public     xyz
STUDENT2@MIT-ICT-LAB8-03:~$ pwd
/home/STUDENT2
STUDENT2@MIT-ICT-LAB8-03:~$ cd 210953218_AK
STUDENT2@MIT-ICT-LAB8-03:~/210953218_AK$ cd /usr/bin
STUDENT2@MIT-ICT-LAB8-03:/usr/bin$ ls
'['
 2to3-2.7
 411toppm
 a2ping
 a5toa4
 aa-enabled
 aa-exec
 aclocal
 aclocal-1.16
 aconnect
 acpi_listen
 acyclic
 add-apt-repository
 addpart
 addr2line
 adhocfilelist
 afm2afm
 afm2pl
 afm2tfm
 aleph
 allcm
 allec
 allneeded
 alsabat
 alsaloop
 alsamixer
 alsatplg
 alsaucm
 amidi
 amixer
 amuFormat.sh
 animate
 animate-im6
 animate-im6.q16
 anytopnm
 apg
 apgbfm
 aplay
 aplaymidi
 apport-bug
 apport-cli
 apport-collect
 apport-unpack
 appres
 appstreamcli
 apropos
 apt
 apt-add-repository
 apt-cache
 apt-cdrom
 apt-config
 aptdcon
 apt-extracttemplates
 apt-ftparchive
 apt-get
 apt-key
 apt-mark
 apt-sortpkgs
 apturl
 apturl-gtk
 ar
 arara
 arch
 arecord
 arecordmidi
 arlatex
 arm2hpdl
 as
 asciitopgm
 aseqdump
 aseqnet
 aspell
 aspell-import
 assistant
 atktopbm
 atobm
 authorindex
 autoconf
 autoheader
 autoinst
 autom4te
 automake
 automake-1.16
 autoreconf
 autoscan
 autosp
 autoupdate
 avahi-browse
 avahi-browse-domains
 avahi-publish
 avahi-publish-address
 avahi-publish-service
 avahi-resolve
 avahi-resolve-address
 avahi-resolve-host-name
 avahi-set-host-name
 awk
 axfer
 axohelp
 b2sum
 baobab
 base32
 base64
 basename
 bash
 bashbug
 bbox
 bc
 bccmd
 bcomps
 bdftopcf
 bdftruncate
 bibtex
 bibtex8
 bibtex.original
 bibtexu
 bioradtopgm
 bitmap
 bluemoon
 bluetoothctl
 bluetooth-sendto
 bmptopnm
 bmptoppm
 bmtoa
 boltctl
 bootctl
 brltty
 brltty-ctb
 brltty-trtxt
 brltty-ttb
 broadwayd
 browse
 brushtopbm
 brz
 bsd-from
 bsd-write
 btattach
 btmgmt
 btmon
 bugpoint-6.0
 bundle2.7
 bundledoc
 bundler2.7
 bunzip2
 busctl
 busybox
 bwrap
 bzcat
 bzcmp
 bzdiff
 bzegrep
 bzexe
 bzfgrep
 bzgrep
 bzip2
 bzip2recover
 bzless
 bzmore
 bzr
 c++
 c89
 c89-gcc
 c99
 c99-gcc
 cachepic
 cal
 calendar
 calibrate_ppa
 callgrind_annotate
 callgrind_control
 canberra-gtk-play
 cancel
 captoinfo
 cat
 catchsegv
 catman
 cautious-launcher
 cb_console_runner
 cb_share_config
 cc
 ccomps
 cd-create-profile
 cd-fix-profile
 cd-iccdump
 cd-it8
 c++filt
 cg_annotate
 cg_diff
 cg_merge
 chacl
 chage
 chardet3
 chardetect3
 chattr
 chcon
 check-language-support
 checklistings
 cheese
 chfn
 chgrp
 chkdvifont
 chklref
 chmod
 choom
 chown
 chrt
 chsh
 chvt
 ciptool
 circo
 ckbcomp
 cksum
 clear
 clear_console
 cluster
 cluttex
 cmake
 cmp
 cmuwmtopbm
 codeblocks
 codepage
 col
 colcrt
 colormgr
 colrm
 column
 comm
 compare
 compare-im6
 compare-im6.q16
 compose
 composite
 composite-im6
 composite-im6.q16
 conjure
 conjure-im6
 conjure-im6.q16
 convert
 convert-im6
 convert-im6.q16
 corelist
 cp
 cpack
 cpan
 cpan5.30-x86_64-linux-gnu
 cpio
 cpp
 cpp-8
 cpp-9
 c_rehash
 crontab
 csplit
 ctanbib
 ctangle
 ctanify
 ctan-o-mat
 ctanupload
 ctest
 ctie
 ctstat
 ctwill
 ctwill-refsort
 ctwill-twinx
 cupstestppd
 cut
 cvlc
 cvs
 cvs-switchroot
 cvt
 cvtsudoers
 cweave
 dash
 date
 dbus-cleanup-sockets
 dbus-daemon
 dbus-launch
 dbus-monitor
 dbus-run-session
 dbus-send
 dbus-update-activation-environment
 dbus-uuidgen
 dbxtool
 dc
 dconf
 dd
 ddstdecode
 deallocvt
 debconf
 debconf-apt-progress
 debconf-communicate
 debconf-copydb
 debconf-escape
 debconf-set-selections
 debconf-show
 debian-distro-info
 deb-systemd-helper
 deb-systemd-invoke
 deja-dup
 delaunay
 delpart
 delv
 depythontex
 derb
 designer
 desktop-file-edit
 desktop-file-install
 desktop-file-validate
 detex
 devdump
 devnag
 df
 dfu-tool
 dh_autotools-dev_restoreconfig
 dh_autotools-dev_updateconfig
 dh_bash-completion
 dh_doxygen
 dh_installtex
 dh_installxmlcatalogs
 dh_perl_openssl
 dh_python2
 dh_sphinxdoc
 dia
 dialog
 diff
 diff3
 diffimg
 dig
 dijkstra
 dir
 dircolors
 dirmngr
 dirmngr-client
 dirname
 dirsplit
 disdvi
 display
 display-im6
 display-im6.q16
 distro-info
 dmesg
 dnsdomainname
 domainname
 do-release-upgrade
 dosepsbin
 dot
 dot2gxl
 dot_builtins
 dotty
 doxygen
 doxyindexer
 doxysearch.cgi
 dpkg
 dpkg-architecture
 dpkg-buildflags
 dpkg-buildpackage
 dpkg-checkbuilddeps
 dpkg-deb
 dpkg-distaddfile
 dpkg-divert
 dpkg-genbuildinfo
 dpkg-genchanges
 dpkg-gencontrol
 dpkg-gensymbols
 dpkg-maintscript-helper
 dpkg-mergechangelogs
 dpkg-name
 dpkg-parsechangelog
 dpkg-query
 dpkg-scanpackages
 dpkg-scansources
 dpkg-shlibdeps
 dpkg-source
 dpkg-split
 dpkg-statoverride
 dpkg-trigger
 dpkg-vendor
 driverless
 dt2dv
 dtxgen
 du
 dumpkeys
 duplicity
 dv2dt
 dvi2fax
 dvi2tty
 dviasm
 dvibook
 dviconcat
 dvicopy
 dvigif
 dvihp
 dviinfox
 dvilj
 dvilj2p
 dvilj4
 dvilj4l
 dvilj6
 dvilualatex
 dvilualatex-dev
 dviluatex
 dvipdf
 dvipdfm
 dvipdfmx
 dvipdft
 dvipng
 dvipos
 dvips
 dvired
 dviselect
 dvispc
 dvisvgm
 dvitodvi
 dvitomp
 dvitype
 dwp
 e2pall
 ebb
 echo
 ed
 edgepaint
 edit
 editor
 editres
 efibootdump
 efibootmgr
 egrep
 eject
 elfedit
 enc2xs
 encguess
 enchant-2
 enchant-lsmod-2
 env
 envsubst
 eog
 eps2eps
 epspdf
 epspdftk
 epstopdf
 eptex
 eqn
 erb
 erb2.7
 esc-m
 etex
 euptex
 eutp
 evince
 evince-previewer
 evince-thumbnailer
 ex
 exceltex
 expand
 expiry
 expr
 extractbb
 eyuvtoppm
 f77
 f95
 factor
 faillog
 faked-sysv
 faked-tcp
 fakeroot
 fakeroot-sysv
 fakeroot-tcp
 fallocate
 false
 fc-cache
 fc-cat
 fc-conflist
 fc-list
 fc-match
 fc-pattern
 fc-query
 fc-scan
 fc-validate
 fdp
 fgconsole
 fgrep
 fiascotopnm
 fig4latex
 file
 file2brl
 file-roller
 fincore
 find
 findhyph
 findmnt
 firefox
 fitstopnm
 flock
 fmt
 fmtutil
 fmtutil-sys
 fmtutil-user
 fold
 fontinst
 fonttosfnt
 foo2ddst
 foo2ddst-wrapper
 foo2hbpl2
 foo2hbpl2-wrapper
 foo2hiperc
 foo2hiperc-wrapper
 foo2hp
 foo2hp2600-wrapper
 foo2lava
 foo2lava-wrapper
 foo2oak
 foo2oak-wrapper
 foo2qpdl
 foo2qpdl-wrapper
 foo2slx
 foo2slx-wrapper
 foo2xqx
 foo2xqx-wrapper
 foo2zjs
 foo2zjs-icc2ps
 foo2zjs-pstops
 foo2zjs-wrapper
 foomatic-rip
 fprintd-delete
 fprintd-enroll
 fprintd-list
 fprintd-verify
 free
 from
 fstopgm
 ftp
 funzip
 fuser
 fusermount
 futurize
 fwupdagent
 fwupdate
 fwupdmgr
 fwupdtool
 g++
 g3topbm
 g++-9
 gamemoded
 gamemoderun
 gamma4scanimage
 gapplication
 gatttool
 gc
 gcalccmd
 gcc
 gcc-8
 gcc-9
 gcc-ar
 gcc-ar-8
 gcc-ar-9
 gcc-nm
 gcc-nm-8
 gcc-nm-9
 gcc-ranlib
 gcc-ranlib-8
 gcc-ranlib-9
 gcore
 gcov
 gcov-8
 gcov-9
 gcov-dump
 gcov-dump-8
 gcov-dump-9
 gcov-tool
 gcov-tool-8
 gcov-tool-9
 gcr-viewer
 gdb
 gdb-add-index
 gdbserver
 gdbtui
 gdbus
 gdbus-codegen
 gdialog
 gdk-pixbuf-csource
 gdk-pixbuf-pixdata
 gdk-pixbuf-thumbnailer
 gdmflexiserver
 gdm-screenshot
 gedit
 gem
 gem2.7
 gemtopbm
 gemtopnm
 genbrk
 gencat
 gencfu
 gencnval
 gendict
 genisoimage
 genrb
 geqn
 GET
 getconf
 geteltorito
 getent
 getfacl
 getkeycodes
 getmapdl
 getopt
 gettext
 gettext.sh
 gfortran
 gfortran-8
 gfortran-9
 gftodvi
 gftopk
 gftype
 ghostscript
 giftopnm
 ginstall-info
 gio
 gio-querymodules
 gipddecode
 git
 git-receive-pack
 git-shell
 git-upload-archive
 git-upload-pack
 gjs
 gjs-console
 gkbd-keyboard-display
 glib-compile-resources
 glib-compile-schemas
 glib-genmarshal
 glib-gettextize
 glib-mkenums
 gml2gv
 gnome-calculator
 gnome-calendar
 gnome-characters
 gnome-control-center
 gnome-disk-image-mounter
 gnome-disks
 gnome-extensions
 gnome-font-viewer
 gnome-help
 gnome-keyring
 gnome-keyring-3
 gnome-keyring-daemon
 gnome-language-selector
 gnome-logs
 gnome-power-statistics
 gnome-screenshot
 gnome-session
 gnome-session-custom-session
 gnome-session-inhibit
 gnome-session-properties
 gnome-session-quit
 gnome-session-remmina
 gnome-shell
 gnome-shell-extension-tool
 gnome-shell-perf-tool
 gnome-system-monitor
 gnome-terminal
 gnome-terminal.real
 gnome-terminal.wrapper
 gnome-text-editor
 gnome-thumbnail-font
 gnome-todo
 gnome-www-browser
 gobject-query
 gold
 gouldtoppm
 gpasswd
 gpg
 gpg-agent
 gpgcompose
 gpgconf
 gpg-connect-agent
 gpgparsemail
 gpgsm
 gpgsplit
 gpgtar
 gpgv
 gpg-wks-server
 gpg-zip
 gpic
 gprof
 gpu-manager
 graphml2gv
 gregorio
 grep
 gresource
 groff
 grog
 grops
 grotty
 groups
 grub-editenv
 grub-file
 grub-fstest
 grub-glue-efi
 grub-kbdcomp
 grub-menulst2cfg
 grub-mkfont
 grub-mkimage
 grub-mklayout
 grub-mknetdir
 grub-mkpasswd-pbkdf2
 grub-mkrelpath
 grub-mkrescue
 grub-mkstandalone
 grub-mount
 grub-ntldr-img
 grub-render-label
 grub-script-check
 grub-syslinux2cfg
 gs
 gsbj
 gsdj
 gsdj500
 gsettings
 gsftopk
 gsl-config
 gsl-histogram
 gslj
 gslp
 gsl-randist
 gsnd
 gst-device-monitor-1.0
 gst-discoverer-1.0
 gst-inspect-1.0
 gst-launch-1.0
 gst-play-1.0
 gstreamer-codec-install
 gst-typefind-1.0
 gtbl
 gtester
 gtester-report
 gtf
 gtk-builder-tool
 gtk-encode-symbolic-svg
 gtk-launch
 gtk-query-settings
 gtk-update-icon-cache
 gts2dxf
 gts2oogl
 gts2stl
 gts2xyz
 gtscheck
 gtscompare
 gts-config
 gtstemplate
 gunzip
 gv2gml
 gv2gxl
 gvcolor
 gvfs-cat
 gvfs-copy
 gvfs-info
 gvfs-less
 gvfs-ls
 gvfs-mime
 gvfs-mkdir
 gvfs-monitor-dir
 gvfs-monitor-file
 gvfs-mount
 gvfs-move
 gvfs-open
 gvfs-rename
 gvfs-rm
 gvfs-save
 gvfs-set-attribute
 gvfs-trash
 gvfs-tree
 gvgen
 gvmap
 gvmap.sh
 gvpack
 gvpr
 gxl2dot
 gxl2gv
 gzexe
 gzip
 h2ph
 h2xs
 hbpldecode
 hciattach
 hciconfig
 hcitool
 hd
 head
 HEAD
 helpztags
 hex2hcd
 hexdump
 hg
 hg-ssh
 hipercdecode
 hipstopgm
 host
 hostid
 hostname
 hostnamectl
 hp-align
 hp-check
 hp-clean
 hp-colorcal
 hp-config_usb_printer
 hp-doctor
 hp-firmware
 hp-info
 hp-levels
 hp-logcapture
 hp-makeuri
 hp-pkservice
 hp-plugin
 hp-plugin-ubuntu
 hp-probe
 hp-query
 hp-scan
 hp-setup
 hp-testpage
 hp-timedate
 ht
 htcontext
 htlatex
 htmex
 httex
 httexi
 htxelatex
 htxetex
 humfsify
 hwe-support-status
 i386
 i686-linux-gnu-pkg-config
 ibus
 ibus-daemon
 ibus-setup
 ibus-table-createdb
 iceauth
 ico
 icontopbm
 iconv
 icuinfo
 id
 identify
 identify-im6
 identify-im6.q16
 iecset
 ifnames
 ijs_pxljr
 ilbmtoppm
 imagetops
 im-config
 imgtoppm
 im-launch
 import
 import-im6
 import-im6.q16
 info
 infobrowser
 infocmp
 infotocap
 inimf
 initex
 inputattach
 install
 installfont-tl
 install-info
 install-printerdriver
 instmodsh
 intel-virtual-output
 ionice
 ip
 ipcmk
 ipcrm
 ipcs
 ipod-read-sysinfo-extended
 ipod-time-sync
 ippfind
 ipptool
 iptables-xml
 irb
 irb2.7
 ischroot
 isdv4-serial-debugger
 isdv4-serial-inputattach
 isodump
 isoinfo
 isovfy
 ispell-wrapper
 jailtest
 join
 journalctl
 jpegtopnm
 jpgicc
 json_pp
 kbdinfo
 kbd_mode
 kbxutil
 kernel-install
 kerneloops-submit
 ketcindy
 keyring
 kill
 killall
 kmod
 kmodsign
 koi8rxterm
 kpseaccess
 kpsepath
 kpsereadlink
 kpsestat
 kpsetool
 kpsewhere
 kpsewhich
 kpsexpand
 l2ping
 l2test
 l3build
 l4p-tmpl
 laptop-detect
 last
 lastb
 lastlog
 latex
 latex2man
 latex2nemeth
 latexdef
 latex-dev
 latexfileversion
 latex-git-log
 latexindent
 latexmk
 latexpand
 latex-papersize
 latex-wordcount
 lavadecode
 lcf
 lconvert
 ld
 ld.bfd
 ldd
 ld.gold
 leaftoppm
 lefty
 less
 lessecho
 lessfile
 lesskey
 lesspipe
 lexgrog
 libnetcfg
 libpng16-config
 libpng-config
 libreoffice
 libtoolize
 libwacom-list-local-devices
 linguist
 link
 linkicc
 linux32
 linux64
 linux-boot-prober
 linux-check-removal
 linux-update-symlinks
 linux-version
 lispmtopgm
 listings-ext
 listres
 llc-6.0
 lli-6.0
 lli-child-target-6.0
 llvm-ar-6.0
 llvm-as-6.0
 llvm-bcanalyzer-6.0
 llvm-cat-6.0
 llvm-cfi-verify-6.0
 llvm-config-6.0
 llvm-cov-6.0
 llvm-c-test-6.0
 llvm-cvtres-6.0
 llvm-cxxdump-6.0
 llvm-cxxfilt-6.0
 llvm-diff-6.0
 llvm-dis-6.0
 llvm-dlltool-6.0
 llvm-dsymutil-6.0
 llvm-dwarfdump-6.0
 llvm-dwp-6.0
 llvm-extract-6.0
 llvm-lib-6.0
 llvm-link-6.0
 llvm-lto2-6.0
 llvm-lto-6.0
 llvm-mc-6.0
 llvm-mcmarkup-6.0
 llvm-modextract-6.0
 llvm-mt-6.0
 llvm-nm-6.0
 llvm-objcopy-6.0
 llvm-objdump-6.0
 llvm-opt-report-6.0
 llvm-pdbutil-6.0
 llvm-PerfectShuffle-6.0
 llvm-profdata-6.0
 llvm-ranlib-6.0
 llvm-rc-6.0
 llvm-readelf-6.0
 llvm-readobj-6.0
 llvm-rtdyld-6.0
 llvm-size-6.0
 llvm-split-6.0
 llvm-stress-6.0
 llvm-strings-6.0
 llvm-symbolizer-6.0
 llvm-tblgen-6.0
 llvm-xray-6.0
 ln
 lneato
 lnstat
 loadkeys
 loadunimap
 localc
 locale
 locale-check
 localectl
 localedef
 locate
 lodraw
 loffice
 lofromtemplate
 logger
 login
 loginctl
 logname
 loimpress
 lomath
 look
 lorder
 loweb
 lowntfs-3g
 lowriter
 lp
 lpoptions
 lpq
 lpr
 lprm
 lp_solve
 lpstat
 lrelease
 ls
 lsattr
 lsblk
 lsb_release
 lscpu
 lshw
 lsinitramfs
 lsipc
 lslocks
 lslogins
 lsmem
 lsmod
 lsns
 lsof
 lspci
 lspgpot
 lsusb
 ltrace
 ltxfileinfo
 ltximg
 luajittex
 lualatex
 lualatex-dev
 luatex
 luit
 lupdate
 lwarpmk
 lwp-download
 lwp-dump
 lwp-mirror
 lwp-request
 lxc-attach
 lxc-autostart
 lxc-cgroup
 lxc-checkconfig
 lxc-checkpoint
 lxc-config
 lxc-console
 lxc-copy
 lxc-create
 lxc-destroy
 lxc-device
 lxc-execute
 lxc-freeze
 lxcfs
 lxc-info
 lxc-ls
 lxc-monitor
 lxc-snapshot
 lxc-start
 lxc-stop
 lxc-top
 lxc-unfreeze
 lxc-unshare
 lxc-update-config
 lxc-usernsexec
 lxc-wait
 lxterm
 lz
 lz4
 lz4c
 lz4cat
 lzcat
 lzcmp
 lzdiff
 lzegrep
 lzfgrep
 lzgrep
 lzless
 lzma
 lzmainfo
 lzmore
 m2300w
 m2300w-wrapper
 m2400w
 m4
 macptopbm
 mag
 make
 make4ht
 makeconv
 makedtx
 make-first-existing-target
 makeglossaries
 makeglossaries-lite
 makeindex
 makejvf
 mako-render
 man
 mandb
 manpath
 man-recode
 mapscrn
 match_parens
 mathspic
 mattrib
 mawk
 mbadblocks
 mcat
 mcd
 mcheck
 mclasserase
 mcomp
 mcookie
 mcopy
 md5sum
 md5sum.textutils
 mdatopbm
 mdel
 mdeltree
 mdig
 mdir
 mdu
 mendex
 mesa-overlay-control.py
 mesg
 mf
 mf2pt1
 mflua
 mfluajit
 mfluajit-nowin
 mflua-nowin
 mf-nowin
 mformat
 mfplain
 mft
 mgrtopbm
 migrate-pubring-from-classic-gpg
 mimeopen
 mimetype
 min12xxw
 minfo
 mingle
 mk4ht
 mkdir
 mkfifo
 mkfontdir
 mkfontscale
 mkindex
 mkisofs
 mkjobtexmf
 mkmanifest
 mk_modmap
 mknod
 mkocp
 mkofm
 mkpic
 mksquashfs
 mkt1font
 mktemp
 mktexfmt
 mktexlsr
 mktexmf
 mktexpk
 mktextfm
 mkzftree
 mlabel
 mlocate
 mm2gv
 mmcli
 mmd
 mmount
 mmove
 moc
 mogrify
 mogrify-im6
 mogrify-im6.q16
 mokutil
 monitor-sensor
 montage
 montage-im6
 montage-im6.q16
 more
 mount
 mountpoint
 mousetweaks
 mpartition
 mpic++
 mpicc
 mpiCC
 mpicc.openmpi
 mpiCC.openmpi
 mpic++.openmpi
 mpicxx
 mpicxx.openmpi
 mpiexec
 mpiexec.openmpi
 mpif77
 mpif77.openmpi
 mpif90
 mpif90.openmpi
 mpifort
 mpifort.openmpi
 mpirun
 mpirun.openmpi
 mpost
 mptopdf
 mrd
 mren
 mscompress
 msexpand
 mshortname
 mshowfat
 ms_print
 msxlint
 mt
 mt-gnu
 mtools
 mtoolstest
 mtr
 mtrace
 mtr-packet
 mtvtoppm
 mtype
 mutter
 mv
 mxtar
 mzip
 namei
 nano
 nautilus
 nautilus-autorun-software
 nautilus-sendto
 nawk
 nc
 ncal
 nc.openbsd
 ncurses5-config
 ncurses6-config
 ncursesw5-config
 ncursesw6-config
 neato
 neotoppm
 neqn
 netcat
 netkit-ftp
 networkctl
 networkd-dispatcher
 newgidmap
 newgrp
 newuidmap
 ngettext
 nice
 nisdomainname
 nl
 nm
 nm-applet
 nmcli
 nm-connection-editor
 nm-online
 nmtui
 nmtui-connect
 nmtui-edit
 nmtui-hostname
 nohup
 nop
 notify-send
 nproc
 nroff
 nsenter
 nslookup
 nstat
 nsupdate
 ntfs-3g
 ntfs-3g.probe
 ntfscat
 ntfscluster
 ntfscmp
 ntfsdecrypt
 ntfsfallocate
 ntfsfix
 ntfsinfo
 ntfsls
 ntfsmove
 ntfsrecover
 ntfssecaudit
 ntfstruncate
 ntfsusermap
 ntfswipe
 numfmt
 nvidia-detector
 nvlc
 oakdecode
 obexctl
 obj2yaml-6.0
 objcopy
 objdump
 oclock
 od
 odvicopy
 odvitype
 oem-getlogs
 ofm2opl
 omfonts
 ompi-clean
 ompi_info
 ompi-server
 on_ac_power
 opalc++
 opalcc
 opal_wrapper
 openssl
 openvt
 opl2ofm
 opldecode
 opt-6.0
 orca
 orca-dm-wrapper
 orte-clean
 orted
 orterun
 orte-server
 osage
 os-prober
 ot2kpx
 otangle
 otp2ocp
 outocp
 ovf2ovp
 ovp2ovf
 p11-kit
 pacat
 pacmd
 pactl
 padsp
 pager
 pa-info
 palmtopnm
 pamcut
 pamdeinterlace
 pamdice
 pamfile
 pamoil
 pamon
 pamphletangler
 pamstack
 pamstretch
 pamstretch-gen
 pango-list
 pango-view
 paperconf
 paplay
 parec
 parecord
 partx
 passwd
 paste
 pasteurize
 pasuspender
 patch
 patchwork
 patgen
 pathchk
 pax11publish
 pbibtex
 pbmclean
 pbmlife
 pbmmake
 pbmmask
 pbmpage
 pbmpscale
 pbmreduce
 pbmtext
 pbmtextps
 pbmto10x
 pbmtoascii
 pbmtoatk
 pbmtobbnbg
 pbmtocmuwm
 pbmtoepsi
 pbmtoepson
 pbmtog3
 pbmtogem
 pbmtogo
 pbmtoicon
 pbmtolj
 pbmtomacp
 pbmtomda
 pbmtomgr
 pbmtonokia
 pbmtopgm
 pbmtopi3
 pbmtoplot
 pbmtoppa
 pbmtopsg3
 pbmtoptx
 pbmtowbmp
 pbmtox10bm
 pbmtoxbm
 pbmtoybm
 pbmtozinc
 pbmupc
 pcre2-config
 pcre-config
 pcxtoppm
 pdb2
 pdb2.7
 pdb3
 pdb3.8
 pdf2dsc
 pdf2ps
 pdfannotextractor
 pdfatfi
 pdfattach
 pdfbook2
 pdfclose
 pdfcrop
 pdfdetach
 pdfetex
 pdffonts
 pdfimages
 pdfinfo
 pdfjam
 pdflatex
 pdflatex-dev
 pdflatexpicscale
 pdfopen
 pdfseparate
 pdfsig
 pdftex
 pdftex-quiet
 pdftocairo
 pdftohtml
 pdftoppm
 pdftops
 pdftosrc
 pdftotext
 pdfunite
 pdfxup
 pdvitomp
 pdvitype
 peekfd
 perl
 perl5.30.0
 perl5.30-x86_64-linux-gnu
 perlbug
 perldoc
 perli11ndoc
 perlivp
 perltex
 perlthanks
 pf2afm
 pfarrei
 pfb2pfa
 pfbtopfa
 pftp
 pgmbentley
 pgmcrater
 pgmedge
 pgmenhance
 pgmhist
 pgmkernel
 pgmnoise
 pgmnorm
 pgmoil
 pgmramp
 pgmslice
 pgmtexture
 pgmtofs
 pgmtolispm
 pgmtopbm
 pgmtoppm
 pgrep
 pi1toppm
 pi3topbm
 pic
 pico
 piconv
 pidof
 pinentry
 pinentry-curses
 pinentry-gnome3
 pinentry-x11
 ping
 ping4
 ping6
 pinky
 pip
 pip3
 pixeltool
 pjtoppm
 pk2bm
 pkaction
 pkcheck
 pkcon
 pkexec
 pkfix
 pkfix-helper
 pkg-config
 pkgdata
 pkill
 pkmon
 pktogf
 pkttyagent
 pktype
 pl2pm
 pldd
 plog
 pltotf
 plymouth
 pmap
 pmpost
 pmxab
 pn2pdf
 pngfix
 png-fix-itxt
 pngtopnm
 pnm2ppa
 pnmalias
 pnmarith
 pnmcat
 pnmcolormap
 pnmcomp
 pnmconvol
 pnmcrop
 pnmcut
 pnmdepth
 pnmenlarge
 pnmfile
 pnmflip
 pnmgamma
 pnmhisteq
 pnmhistmap
 pnmindex
 pnminterp
 pnminterp-gen
 pnminvert
 pnmmargin
 pnmmontage
 pnmnlfilt
 pnmnoraw
 pnmnorm
 pnmpad
 pnmpaste
 pnmpsnr
 pnmquant
 pnmremap
 pnmrotate
 pnmscale
 pnmscalefixed
 pnmshear
 pnmsmooth
 pnmsplit
 pnmtile
 pnmtoddif
 pnmtofiasco
 pnmtofits
 pnmtojpeg
 pnmtopalm
 pnmtoplainpnm
 pnmtopng
 pnmtops
 pnmtorast
 pnmtorle
 pnmtosgi
 pnmtosir
 pnmtotiff
 pnmtotiffcmyk
 pnmtoxwd
 pod2html
 pod2man
 pod2text
 pod2usage
 podchecker
 podselect
 poff
 pon
 pooltype
 POST
 ppdc
 ppdhtml
 ppdi
 ppdmerge
 ppdpo
 pphs
 ppltotf
 ppm3d
 ppmbrighten
 ppmchange
 ppmcie
 ppmcolormask
 ppmcolors
 ppmdim
 ppmdist
 ppmdither
 ppmfade
 ppmflash
 ppmforge
 ppmhist
 ppmlabel
 ppmmake
 ppmmix
 ppmnorm
 ppmntsc
 ppmpat
 ppmquant
 ppmquantall
 ppmqvga
 ppmrainbow
 ppmrelief
 ppmshadow
 ppmshift
 ppmspread
 ppmtoacad
 ppmtobmp
 ppmtoeyuv
 ppmtogif
 ppmtoicr
 ppmtoilbm
 ppmtojpeg
 ppmtoleaf
 ppmtolj
 ppmtomap
 ppmtomitsu
 ppmtompeg
 ppmtoneo
 ppmtopcx
 ppmtopgm
 ppmtopi1
 ppmtopict
 ppmtopj
 ppmtopuzz
 ppmtorgb3
 ppmtosixel
 ppmtotga
 ppmtouil
 ppmtowinicon
 ppmtoxpm
 ppmtoyuv
 ppmtoyuvsplit
 ppmtv
 pr
 precat
 preconv
 prepmx
 preunzip
 prezip
 prezip-bin
 print
 printafm
 printenv
 printerbanner
 printer-profile
 printf
 prlimit
 prove
 proxy
 prtstat
 prune
 ps
 ps2ascii
 ps2eps
 ps2epsi
 ps2frag
 ps2pdf
 ps2pdf12
 ps2pdf13
 ps2pdf14
 ps2pdfwr
 ps2pk
 ps2ps
 ps2ps2
 ps2txt
 psfaddtable
 psfgettable
 psfstriptable
 psfxtable
 psicc
 psidtopgm
 pslatex
 pslog
 pstopnm
 pstree
 pstree.x11
 ptar
 ptardiff
 ptargrep
 ptex
 ptftopl
 ptx
 pulseaudio
 pwd
 pwdx
 py3clean
 py3compile
 py3versions
 pybabel
 pybabel-python3
 pyclean
 pycompile
 pydoc2
 pydoc2.7
 pydoc3
 pydoc3.8
 pygettext2
 pygettext2.7
 pygettext3
 pygettext3.8
 pygmentize
 pyjwt3
 python2
 python2.7
 python3
 python3.8
 python3.8-config
 python3-config
 python3-futurize
 python3-pasteurize
 pythontex
 pyversions
 qcollectiongenerator
 qdbus
 qdbuscpp2xml
 qdbusviewer
 qdbusxml2cpp
 qdoc
 qdoc3
 qgltf
 qhelpconverter
 qhelpgenerator
 qlalr
 qmake
 qml
 qml1plugindump
 qmlbundle
 qmlcachegen
 qmleasing
 qmlimportscanner
 qmljs
 qmllint
 qmlmin
 qmlplugindump
 qmlprofiler
 qmlscene
 qmltestrunner
 qmlviewer
 qpdldecode
 qrttoppm
 qtattributionsscanner
 qtchooser
 qtconfig
 qtdiag
 qtpaths
 qtplugininfo
 quirks-handler
 qvkgen
 qvlc
 racc2.7
 racc2y2.7
 rake
 ranlib
 rasttopnm
 rawtopgm
 rawtoppm
 rbash
 rcc
 rcp
 rctest
 rdiffdir
 rdma
 rdoc
 rdoc2.7
 readelf
 readlink
 realpath
 red
 remmina
 remmina-file-wrapper
 remmina-gnome
 rename.ul
 rendercheck
 renice
 repc
 repstopdf
 reset
 resize
 resizecons
 resizepart
 resolvectl
 rev
 rfcomm
 rgb3toppm
 rgrep
 rhythmbox
 rhythmbox-client
 ri
 ri2.7
 rletopnm
 rlogin
 rm
 rmdir
 r-mpost
 rnano
 routef
 routel
 rpcgen
 rpdfcrop
 r-pmpost
 rrsync
 rsh
 rst2html
 rst2html4
 rst2html5
 rst2latex
 rst2man
 rst2odt
 rst2odt_prepstyles
 rst2pseudoxml
 rst2s5
 rst2xetex
 rst2xml
 rstart
 rstartd
 rst-buildhtml
 rstpep2html
 rsync
 rtstat
 ruby
 ruby2.7
 runcon
 rungs
 run-mailcap
 run-parts
 run-with-aspell
 r-upmpost
 rview
 rvlc
 rygel
 sane-find-scanner
 sanstats-6.0
 savelog
 sbattach
 sbigtopgm
 sbkeysync
 sbsiglist
 sbsign
 sbvarsign
 sbverify
 scanimage
 sccmap
 scor2prt
 scp
 scp-dbus-service
 screendump
 script
 scriptreplay
 sdiff
 sdptool
 seahorse
 sed
 see
 select-default-iwrap
 select-editor
 sensible-browser
 sensible-editor
 sensible-pager
 seq
 session-migration
 sessreg
 setarch
 setfacl
 setfont
 setkeycodes
 setleds
 setlogcons
 setmetamode
 setpci
 setpriv
 setsid
 setterm
 setupcon
 setxkbmap
 sfdp
 sftp
 sg
 sgitopnm
 sh
 sha1sum
 sha224sum
 sha256sum
 sha384sum
 sha512sum
 shasum
 shotwell
 showconsolefont
 showkey
 showrgb
 shred
 shuf
 simpdftex
 simple-scan
 sirtopnm
 size
 skill
 slabtop
 sldtoppm
 sleep
 slogin
 slxdecode
 smproxy
 snap
 snapctl
 snapfuse
 snice
 soelim
 soffice
 software-properties-gtk
 sort
 sotruss
 spctoppm
 spd-conf
 spd-say
 speaker-test
 speech-dispatcher
 sphinx-apidoc
 sphinx-autogen
 sphinx-build
 sphinx-quickstart
 spice-vdagent
 splain
 split
 splitfont
 splitindex
 sprof
 sputoppm
 sqldiff
 sqlite
 sqlite3
 srcredact
 ss
 ssh
 ssh-add
 ssh-agent
 ssh-argv0
 ssh-copy-id
 ssh-keygen
 ssh-keyscan
 st4topgm
 start-pulseaudio-x11
 startx
 stat
 static-sh
 stdbuf
 stl2gts
 strace
 strace-log-merge
 stream
 stream-im6
 stream-im6.q16
 strings
 strip
 stty
 sty2dtx
 su
 sudo
 sudoedit
 sudoreplay
 sum
 svlc
 svn-multi
 symcryptrun
 sync
 synctex
 syslinux
 syslinux-legacy
 system-config-printer
 system-config-printer-applet
 systemctl
 systemd
 systemd-analyze
 systemd-ask-password
 systemd-cat
 systemd-cgls
 systemd-cgtop
 systemd-delta
 systemd-detect-virt
 systemd-escape
 systemd-hwdb
 systemd-id128
 systemd-inhibit
 systemd-machine-id-setup
 systemd-mount
 systemd-notify
 systemd-path
 systemd-resolve
 systemd-run
 systemd-socket-activate
 systemd-stdio-bridge
 systemd-sysusers
 systemd-tmpfiles
 systemd-tty-ask-password-agent
 systemd-umount
 t1ascii
 t1asm
 t1binary
 t1disasm
 t1mac
 t1unmac
 t4ht
 tabs
 tac
 tail
 tangle
 tar
 taskset
 tbl
 tclsh
 tclsh8.6
 tee
 telnet
 telnet.netkit
 tempfile
 test
 tex
 tex2aspc
 tex4ebook
 tex4ht
 texconfig
 texconfig-dialog
 texconfig-sys
 texcount
 texdef
 texdiff
 texdirflatten
 texdoc
 texdoctk
 texfot
 texhash
 texlinks
 texliveonfly
 texloganalyser
 texlua
 texluac
 texluajit
 texluajitc
 texosquery
 texosquery-jre5
 texosquery-jre8
 texplate
 tftopl
 tgatoppm
 tgz
 thinkjettopbm
 thumbpdf
 thunderbird
 tic
 tie
 tifftopnm
 tificc
 time
 timedatectl
 timeout
 tlmgr
 tload
 tl-paper
 toe
 top
 totem
 totem-video-thumbnailer
 touch
 tpic2pdftex
 tput
 tr
 tracepath
 traceroute6
 traceroute6.iputils
 tracker
 transform
 transicc
 transmission-gtk
 transset
 tred
 troff
 true
 truncate
 trust
 tset
 tsort
 ttf2afm
 ttf2pk
 ttf2tfm
 ttfdump
 ttfread
 tty
 tunctl
 twopi
 typeoutfileinfo
 tzselect
 ua
 ubuntu-advantage
 ubuntu-bug
 ubuntu-core-launcher
 ubuntu-distro-info
 ubuntu-drivers
 ubuntu-report
 ubuntu-security-status
 ucf
 ucfq
 ucfr
 uconv
 ucs2any
 udevadm
 udisksctl
 uic
 uic3
 ul
 ulockmgr_server
 umax_pp
 uml_mconsole
 uml_mkcow
 uml_moo
 uml_mount
 uml_net
 uml_switch
 uml_watchdog
 umount
 uname
 unattended-upgrade
 unattended-upgrades
 uncompress
 uncrustify
 unexpand
 unflatten
 unicode_start
 unicode_stop
 uniq
 unity-scope-loader
 unlink
 unlz4
 unlzma
 unmkinitramfs
 unopkg
 unrar
 unrar-nonfree
 unshare
 unsquashfs
 unxz
 unzip
 unzipsfx
 upbibtex
 update-alternatives
 updatedb
 updatedb.mlocate
 update-desktop-database
 update-manager
 update-mime-database
 update-notifier
 updmap
 updmap-sys
 updmap-user
 updvitomp
 updvitype
 upmendex
 upmpost
 upower
 uppltotf
 uptex
 uptftopl
 uptime
 usb-creator-gtk
 usb-devices
 usbhid-dump
 usb_printerid
 usbreset
 users
 utmpdump
 uuidgen
 uuidparse
 uxterm
 uz
 valgrind
 valgrind.bin
 valgrind-di-server
 valgrind-listener
 vdir
 verify-uselistorder-6.0
 veyon-auth-helper
 veyon-cli
 veyon-configurator
 veyon-master
 veyon-server
 veyon-service
 veyon-worker
 vftovp
 vgdb
 vi
 view
 viewres
 vimdot
 vim.tiny
 vlc
 vlc-wrapper
 vlna
 vmstat
 vmwarectrl
 volname
 vpe
 vpl2ovp
 vpl2vpl
 vptovf
 vstp
 w
 wall
 watch
 watchgnupg
 wayland-scanner
 wbmptopbm
 wc
 wdctl
 weave
 webquiz
 wget
 whatis
 whereis
 which
 whiptail
 who
 whoami
 whoopsie
 whoopsie-preferences
 winicontoppm
 wish
 wish8.6
 wofm2opl
 wopl2ofm
 word-list-compress
 wovf2ovp
 wovp2ovf
 wpa_passphrase
 w.procps
 write
 X
 X11
 x11perf
 x11perfcomp
 x86_64
 x86_64-linux-gnu-addr2line
 x86_64-linux-gnu-ar
 x86_64-linux-gnu-as
 x86_64-linux-gnu-c++filt
 x86_64-linux-gnu-cpp
 x86_64-linux-gnu-cpp-8
 x86_64-linux-gnu-cpp-9
 x86_64-linux-gnu-dwp
 x86_64-linux-gnu-elfedit
 x86_64-linux-gnu-g++
 x86_64-linux-gnu-g++-9
 x86_64-linux-gnu-gcc
 x86_64-linux-gnu-gcc-8
 x86_64-linux-gnu-gcc-9
 x86_64-linux-gnu-gcc-ar
 x86_64-linux-gnu-gcc-ar-8
 x86_64-linux-gnu-gcc-ar-9
 x86_64-linux-gnu-gcc-nm
 x86_64-linux-gnu-gcc-nm-8
 x86_64-linux-gnu-gcc-nm-9
 x86_64-linux-gnu-gcc-ranlib
 x86_64-linux-gnu-gcc-ranlib-8
 x86_64-linux-gnu-gcc-ranlib-9
 x86_64-linux-gnu-gcov
 x86_64-linux-gnu-gcov-8
 x86_64-linux-gnu-gcov-9
 x86_64-linux-gnu-gcov-dump
 x86_64-linux-gnu-gcov-dump-8
 x86_64-linux-gnu-gcov-dump-9
 x86_64-linux-gnu-gcov-tool
 x86_64-linux-gnu-gcov-tool-8
 x86_64-linux-gnu-gcov-tool-9
 x86_64-linux-gnu-gfortran
 x86_64-linux-gnu-gfortran-8
 x86_64-linux-gnu-gfortran-9
 x86_64-linux-gnu-gold
 x86_64-linux-gnu-gprof
 x86_64-linux-gnu-ld
 x86_64-linux-gnu-ld.bfd
 x86_64-linux-gnu-ld.gold
 x86_64-linux-gnu-nm
 x86_64-linux-gnu-objcopy
 x86_64-linux-gnu-objdump
 x86_64-linux-gnu-pkg-config
 x86_64-linux-gnu-python3.8-config
 x86_64-linux-gnu-python3-config
 x86_64-linux-gnu-qmake
 x86_64-linux-gnu-ranlib
 x86_64-linux-gnu-readelf
 x86_64-linux-gnu-size
 x86_64-linux-gnu-strings
 x86_64-linux-gnu-strip
 x86_64-pc-linux-gnu-pkg-config
 xargs
 xauth
 xbiff
 xbmtopbm
 xbrlapi
 xcalc
 xclipboard
 xclock
 xcmsdb
 xconsole
 xcursorgen
 xcutsel
 xdg-dbus-proxy
 xdg-desktop-icon
 xdg-desktop-menu
 xdg-email
 xdg-icon-resource
 xdg-mime
 xdg-open
 xdg-screensaver
 xdg-settings
 xdg-user-dir
 xdg-user-dirs-gtk-update
 xdg-user-dirs-update
 xditview
 xdpyinfo
 xdriinfo
 xdvi
 xdvi.bin
 xdvipdfmx
 xdvi-xaw
 xedit
 Xephyr
 xetex
 xev
 xeyes
 xfd
 xfontsel
 xgamma
 xgc
 xhlatex
 xhost
 ximtoppm
 xindex
 xinit
 xinput
 xkbbell
 xkbcomp
 xkbevd
 xkbprint
 xkbvleds
 xkbwatch
 xkeystone
 xkill
 xload
 xlogo
 xlsatoms
 xlsclients
 xlsfonts
 xmag
 xman
 xmessage
 xml2-config
 xmlpatterns
 xmlpatternsvalidator
 xmodmap
 xmore
 Xorg
 xpmtoppm
 xprop
 xqxdecode
 xrandr
 xrdb
 xrefresh
 x-session-manager
 xset
 xsetmode
 xsetpointer
 xsetroot
 xsetwacom
 xsm
 xstdcmap
 xsubpp
 xterm
 x-terminal-emulator
 xvidtune
 xvinfo
 xvminitoppm
 Xwayland
 xwd
 xwdtopnm
 x-window-manager
 xwininfo
 xwud
 x-www-browser
 xxd
 xz
 xzcat
 xzcmp
 xzdiff
 xzegrep
 xzfgrep
 xzgrep
 xzless
 xzmore
 y2racc2.7
 yaml2obj-6.0
 yaml-bench-6.0
 ybmtopbm
 yelp
 yes
 ypdomainname
 yplan
 yuvsplittoppm
 yuvtoppm
 zcat
 zcmp
 zdiff
 zdump
 zegrep
 zeisstopnm
 zenity
 zfgrep
 zforce
 zgrep
 zip
 zipcloak
 zipdetails
 zipgrep
 zipinfo
 zipnote
 zipsplit
 zjsdecode
 zless
 zmore
 znew
STUDENT2@MIT-ICT-LAB8-03:/usr/bin$ cd ~
STUDENT2@MIT-ICT-LAB8-03:~$ pwd
/home/STUDENT2
STUDENT2@MIT-ICT-LAB8-03:~$ cd210953218_AK
cd210953218_AK: command not found
STUDENT2@MIT-ICT-LAB8-03:~$ cd 210953218_AK
STUDENT2@MIT-ICT-LAB8-03:~/210953218_AK$ touch file1.txt file2.txt file3.txt
STUDENT2@MIT-ICT-LAB8-03:~/210953218_AK$ touch file4.txt file5.txt
STUDENT2@MIT-ICT-LAB8-03:~/210953218_AK$ ls
file1.txt  file2.txt  file3.txt  file4.txt  file5.txt
STUDENT2@MIT-ICT-LAB8-03:~/210953218_AK$ ls fi*.txt
file1.txt  file2.txt  file3.txt  file4.txt  file5.txt
STUDENT2@MIT-ICT-LAB8-03:~/210953218_AK$ ls tr*
ls: cannot access 'tr*': No such file or directory
STUDENT2@MIT-ICT-LAB8-03:~/210953218_AK$ ls ?????.txt
file1.txt  file2.txt  file3.txt  file4.txt  file5.txt
STUDENT2@MIT-ICT-LAB8-03:~/210953218_AK$ cd .
STUDENT2@MIT-ICT-LAB8-03:~/210953218_AK$ cd ..
STUDENT2@MIT-ICT-LAB8-03:~$ cd 210953218_AK
STUDENT2@MIT-ICT-LAB8-03:~/210953218_AK$ cat file2.txt
STUDENT2@MIT-ICT-LAB8-03:~/210953218_AK$ cat >file2.txt
artik hic bir ates beni yakamaz.  
Zira
ben atesin ta kendisiyim..
STUDENT2@MIT-ICT-LAB8-03:~/210953218_AK$ cat >file2.txt
ben Humasa
STUDENT2@MIT-ICT-LAB8-03:~/210953218_AK$ cat>file2.txt
Ben Humasa            
artik hic bir ates beni yakamaz.    
Zira,
Ben atesin ta kendisiyim..
   
STUDENT2@MIT-ICT-LAB8-03:~/210953218_AK$ cat file2.txt
Ben Humasa
artik hic bir ates beni yakamaz.
Zira,
Ben atesin ta kendisiyim..
   
STUDENT2@MIT-ICT-LAB8-03:~/210953218_AK$ wcfile2.txt
wcfile2.txt: command not found
STUDENT2@MIT-ICT-LAB8-03:~/210953218_AK$ wc file2.txt
 5 13 81 file2.txt
STUDENT2@MIT-ICT-LAB8-03:~/210953218_AK$ man wc
STUDENT2@MIT-ICT-LAB8-03:~/210953218_AK$ wc-l
wc-l: command not found
STUDENT2@MIT-ICT-LAB8-03:~/210953218_AK$ wc -l

1
STUDENT2@MIT-ICT-LAB8-03:~/210953218_AK$ wc file2.txt -l
5 file2.txt
STUDENT2@MIT-ICT-LAB8-03:~/210953218_AK$ wc file2.txt -c
81 file2.txt
STUDENT2@MIT-ICT-LAB8-03:~/210953218_AK$ wc -f
wc: invalid option -- 'f'
Try 'wc --help' for more information.
STUDENT2@MIT-ICT-LAB8-03:~/210953218_AK$ ls|wc -l
5
STUDENT2@MIT-ICT-LAB8-03:~/210953218_AK$ ls|wc -c
50
STUDENT2@MIT-ICT-LAB8-03:~/210953218_AK$ mkdir test
STUDENT2@MIT-ICT-LAB8-03:~/210953218_AK$ touch ./test/abc.txt
STUDENT2@MIT-ICT-LAB8-03:~/210953218_AK$ rm -rf test
STUDENT2@MIT-ICT-LAB8-03:~/210953218_AK$ ls
file1.txt  file2.txt  file3.txt  file4.txt  file5.txt
STUDENT2@MIT-ICT-LAB8-03:~/210953218_AK$ mv sozleri file2.txt
mv: cannot stat 'sozleri': No such file or directory
STUDENT2@MIT-ICT-LAB8-03:~/210953218_AK$ mv file2.txt sozleri
STUDENT2@MIT-ICT-LAB8-03:~/210953218_AK$ mkdir randomtxts
STUDENT2@MIT-ICT-LAB8-03:~/210953218_AK$ cp file1.txt file2.txt file3.txt file4.txt file5.txt randomtxts
cp: cannot stat 'file2.txt': No such file or directory
STUDENT2@MIT-ICT-LAB8-03:~/210953218_AK$ cp sozleri randomtxts
STUDENT2@MIT-ICT-LAB8-03:~/210953218_AK$ rm file1.txt
STUDENT2@MIT-ICT-LAB8-03:~/210953218_AK$ rm file2.txt
rm: cannot remove 'file2.txt': No such file or directory
STUDENT2@MIT-ICT-LAB8-03:~/210953218_AK$ rm soxleri
rm: cannot remove 'soxleri': No such file or directory
STUDENT2@MIT-ICT-LAB8-03:~/210953218_AK$ rm sozleri
STUDENT2@MIT-ICT-LAB8-03:~/210953218_AK$ rm fil3.txt
rm: cannot remove 'fil3.txt': No such file or directory
STUDENT2@MIT-ICT-LAB8-03:~/210953218_AK$ rm file3.txt
STUDENT2@MIT-ICT-LAB8-03:~/210953218_AK$ file4.txt
file4.txt: command not found
STUDENT2@MIT-ICT-LAB8-03:~/210953218_AK$ rm file4.txt
STUDENT2@MIT-ICT-LAB8-03:~/210953218_AK$ rm file5.txt
STUDENT2@MIT-ICT-LAB8-03:~/210953218_AK$ cd randomtxts
STUDENT2@MIT-ICT-LAB8-03:~/210953218_AK/randomtxts$ cat sozleri 
Ben Humasa
artik hic bir ates beni yakamaz.
Zira,
Ben atesin ta kendisiyim..
   
STUDENT2@MIT-ICT-LAB8-03:~/210953218_AK/randomtxts$ 


