student2@MIT-ICT-LAB8-03:~$ ls
210911003  Desktop    Downloads  Pictures  Public  student2   Videos
210911010  Documents  Music      pt        snap    Templates
student2@MIT-ICT-LAB8-03:~$ man ls
student2@MIT-ICT-LAB8-03:~$ man man
student2@MIT-ICT-LAB8-03:~$ pwd
/home/student2
student2@MIT-ICT-LAB8-03:~$ mkdir 210953218AKOS
student2@MIT-ICT-LAB8-03:~$ pwd
/home/student2
student2@MIT-ICT-LAB8-03:~$ cd 210953218AKOS
student2@MIT-ICT-LAB8-03:~/210953218AKOS$ cd ~
student2@MIT-ICT-LAB8-03:~$ cd...
cd...: command not found
student2@MIT-ICT-LAB8-03:~$ cd..
cd..: command not found
student2@MIT-ICT-LAB8-03:~$ cd ..
student2@MIT-ICT-LAB8-03:/home$ cd -
/home/student2
student2@MIT-ICT-LAB8-03:~$ cd 210953218
bash: cd: 210953218: No such file or directory
student2@MIT-ICT-LAB8-03:~$ cd210953218AKOS
cd210953218AKOS: command not found
student2@MIT-ICT-LAB8-03:~$ cd 210953218AKOS
student2@MIT-ICT-LAB8-03:~/210953218AKOS$ ls 210953218AKOS
ls: cannot access '210953218AKOS': No such file or directory
student2@MIT-ICT-LAB8-03:~/210953218AKOS$ ls-a
ls-a: command not found
student2@MIT-ICT-LAB8-03:~/210953218AKOS$ ls -a
.  ..
student2@MIT-ICT-LAB8-03:~/210953218AKOS$ ls /usr/bin/d*
/usr/bin/dash
/usr/bin/date
/usr/bin/dbus-cleanup-sockets
/usr/bin/dbus-daemon
/usr/bin/dbus-launch
/usr/bin/dbus-monitor
/usr/bin/dbus-run-session
/usr/bin/dbus-send
/usr/bin/dbus-update-activation-environment
/usr/bin/dbus-uuidgen
/usr/bin/dbxtool
/usr/bin/dc
/usr/bin/dconf
/usr/bin/dd
/usr/bin/ddstdecode
/usr/bin/deallocvt
/usr/bin/debconf
/usr/bin/debconf-apt-progress
/usr/bin/debconf-communicate
/usr/bin/debconf-copydb
/usr/bin/debconf-escape
/usr/bin/debconf-set-selections
/usr/bin/debconf-show
/usr/bin/debian-distro-info
/usr/bin/deb-systemd-helper
/usr/bin/deb-systemd-invoke
/usr/bin/deja-dup
/usr/bin/delaunay
/usr/bin/delpart
/usr/bin/delv
/usr/bin/depythontex
/usr/bin/derb
/usr/bin/designer
/usr/bin/desktop-file-edit
/usr/bin/desktop-file-install
/usr/bin/desktop-file-validate
/usr/bin/detex
/usr/bin/devdump
/usr/bin/devnag
/usr/bin/df
/usr/bin/dfu-tool
/usr/bin/dh_autotools-dev_restoreconfig
/usr/bin/dh_autotools-dev_updateconfig
/usr/bin/dh_bash-completion
/usr/bin/dh_doxygen
/usr/bin/dh_installtex
/usr/bin/dh_installxmlcatalogs
/usr/bin/dh_perl_openssl
/usr/bin/dh_python2
/usr/bin/dh_sphinxdoc
/usr/bin/dia
/usr/bin/dialog
/usr/bin/diff
/usr/bin/diff3
/usr/bin/diffimg
/usr/bin/dig
/usr/bin/dijkstra
/usr/bin/dir
/usr/bin/dircolors
/usr/bin/dirmngr
/usr/bin/dirmngr-client
/usr/bin/dirname
/usr/bin/dirsplit
/usr/bin/disdvi
/usr/bin/display
/usr/bin/display-im6
/usr/bin/display-im6.q16
/usr/bin/distro-info
/usr/bin/dmesg
/usr/bin/dnsdomainname
/usr/bin/domainname
/usr/bin/do-release-upgrade
/usr/bin/dosepsbin
/usr/bin/dot
/usr/bin/dot2gxl
/usr/bin/dot_builtins
/usr/bin/dotty
/usr/bin/doxygen
/usr/bin/doxyindexer
/usr/bin/doxysearch.cgi
/usr/bin/dpkg
/usr/bin/dpkg-architecture
/usr/bin/dpkg-buildflags
/usr/bin/dpkg-buildpackage
/usr/bin/dpkg-checkbuilddeps
/usr/bin/dpkg-deb
/usr/bin/dpkg-distaddfile
/usr/bin/dpkg-divert
/usr/bin/dpkg-genbuildinfo
/usr/bin/dpkg-genchanges
/usr/bin/dpkg-gencontrol
/usr/bin/dpkg-gensymbols
/usr/bin/dpkg-maintscript-helper
/usr/bin/dpkg-mergechangelogs
/usr/bin/dpkg-name
/usr/bin/dpkg-parsechangelog
/usr/bin/dpkg-query
/usr/bin/dpkg-scanpackages
/usr/bin/dpkg-scansources
/usr/bin/dpkg-shlibdeps
/usr/bin/dpkg-source
/usr/bin/dpkg-split
/usr/bin/dpkg-statoverride
/usr/bin/dpkg-trigger
/usr/bin/dpkg-vendor
/usr/bin/driverless
/usr/bin/dt2dv
/usr/bin/dtxgen
/usr/bin/du
/usr/bin/dumpkeys
/usr/bin/duplicity
/usr/bin/dv2dt
/usr/bin/dvi2fax
/usr/bin/dvi2tty
/usr/bin/dviasm
/usr/bin/dvibook
/usr/bin/dviconcat
/usr/bin/dvicopy
/usr/bin/dvigif
/usr/bin/dvihp
/usr/bin/dviinfox
/usr/bin/dvilj
/usr/bin/dvilj2p
/usr/bin/dvilj4
/usr/bin/dvilj4l
/usr/bin/dvilj6
/usr/bin/dvilualatex
/usr/bin/dvilualatex-dev
/usr/bin/dviluatex
/usr/bin/dvipdf
/usr/bin/dvipdfm
/usr/bin/dvipdfmx
/usr/bin/dvipdft
/usr/bin/dvipng
/usr/bin/dvipos
/usr/bin/dvips
/usr/bin/dvired
/usr/bin/dviselect
/usr/bin/dvispc
/usr/bin/dvisvgm
/usr/bin/dvitodvi
/usr/bin/dvitomp
/usr/bin/dvitype
/usr/bin/dwp
student2@MIT-ICT-LAB8-03:~/210953218AKOS$ touch file1.txt file2.txt file3.txt file4.txt file5.txt
student2@MIT-ICT-LAB8-03:~/210953218AKOS$ ls fil?
ls: cannot access 'fil?': No such file or directory
student2@MIT-ICT-LAB8-03:~/210953218AKOS$ ls f*
file1.txt  file2.txt  file3.txt  file4.txt  file5.txt
student2@MIT-ICT-LAB8-03:~/210953218AKOS$ file /bin/ls
/bin/ls: ELF 64-bit LSB shared object, x86-64, version 1 (SYSV), dynamically linked, interpreter /lib64/ld-linux-x86-64.so.2, BuildID[sha1]=2f15ad836be3339dec0e2e6a3c637e08e48aacbd, for GNU/Linux 3.2.0, stripped
student2@MIT-ICT-LAB8-03:~/210953218AKOS$ cat >file1.txt
ben Himadri.
ben on dokuz yasadim
Anupam Mishra'in kizin
Benim annesi adin Amita.
cok tane adinlar ve ayyin Sultana Himadri.
Ben Adri Katyayan.
Artik hic bir atesin beni yakamas.
Zira..
ben ates ta kendisiyim...
student2@MIT-ICT-LAB8-03:~/210953218AKOS$ catfile1.txt
catfile1.txt: command not found
student2@MIT-ICT-LAB8-03:~/210953218AKOS$ cat file1.txt
ben Himadri.
ben on dokuz yasadim
Anupam Mishra'in kizin
Benim annesi adin Amita.
cok tane adinlar ve ayyin Sultana Himadri.
Ben Adri Katyayan.
Artik hic bir atesin beni yakamas.
Zira..
ben ates ta kendisiyim...
student2@MIT-ICT-LAB8-03:~/210953218AKOS$ head file1.txt
ben Himadri.
ben on dokuz yasadim
Anupam Mishra'in kizin
Benim annesi adin Amita.
cok tane adinlar ve ayyin Sultana Himadri.
Ben Adri Katyayan.
Artik hic bir atesin beni yakamas.
Zira..
ben ates ta kendisiyim...
student2@MIT-ICT-LAB8-03:~/210953218AKOS$ head file1.txt 3
==> file1.txt <==
ben Himadri.
ben on dokuz yasadim
Anupam Mishra'in kizin
Benim annesi adin Amita.
cok tane adinlar ve ayyin Sultana Himadri.
Ben Adri Katyayan.
Artik hic bir atesin beni yakamas.
Zira..
ben ates ta kendisiyim...
head: cannot open '3' for reading: No such file or directory
student2@MIT-ICT-LAB8-03:~/210953218AKOS$ head -n 3 file1.txt
ben Himadri.
ben on dokuz yasadim
Anupam Mishra'in kizin
student2@MIT-ICT-LAB8-03:~/210953218AKOS$ tail -n 3 file1.txt
Artik hic bir atesin beni yakamaz.
Zira..
ben ates ta kendisiyim...
student2@MIT-ICT-LAB8-03:~/210953218AKOS$ cp file1.txt file2.txt
student2@MIT-ICT-LAB8-03:~/210953218AKOS$ cat file2.txt
ben Himadri.
on dokuz yasindayim
Anupam Mishra'in kizin
Benim annesi'in adin Amita.
birçok isimle bilinir,
Ben Adri Katyayan.
Artik hic bir atesin beni yakamaz.
Zira..
ben ates ta kendisiyim...
student2@MIT-ICT-LAB8-03:~/210953218AKOS$ mkdir randomtxts
student2@MIT-ICT-LAB8-03:~/210953218AKOS$ rm file2.txt file3.txt file4.txt file5.txt/randomtxts
rm: cannot remove 'file5.txt/randomtxts': Not a directory
student2@MIT-ICT-LAB8-03:~/210953218AKOS$ rm file2.txt file3.txt file4.txt file5.txt /randomtxts
rm: cannot remove 'file2.txt': No such file or directory
rm: cannot remove 'file3.txt': No such file or directory
rm: cannot remove 'file4.txt': No such file or directory
rm: cannot remove '/randomtxts': No such file or directory
student2@MIT-ICT-LAB8-03:~/210953218AKOS$ mv file2.txt file3.txt file4.txt file5.txt /randomtxts
mv: target '/randomtxts' is not a directory
student2@MIT-ICT-LAB8-03:~/210953218AKOS$ mv file2.txt file3.txt file4.txt file5.txt randomtxts
mv: cannot stat 'file2.txt': No such file or directory
mv: cannot stat 'file3.txt': No such file or directory
mv: cannot stat 'file4.txt': No such file or directory
mv: cannot stat 'file5.txt': No such file or directory
student2@MIT-ICT-LAB8-03:~/210953218AKOS$ touch file2.txt file3.txt file4.txt file5.txt
student2@MIT-ICT-LAB8-03:~/210953218AKOS$ mv file2.txt file3.txt file4.txt file5.txt randomtxts
student2@MIT-ICT-LAB8-03:~/210953218AKOS$ mkdir todel
student2@MIT-ICT-LAB8-03:~/210953218AKOS$ rmdir todel
student2@MIT-ICT-LAB8-03:~/210953218AKOS$ which cat
/usr/bin/cat
student2@MIT-ICT-LAB8-03:~/210953218AKOS$ which -a touch
/usr/bin/touch
/bin/touch
student2@MIT-ICT-LAB8-03:~/210953218AKOS$ which tr
/usr/bin/tr
student2@MIT-ICT-LAB8-03:~/210953218AKOS$ whereis file2.txt
file2:
student2@MIT-ICT-LAB8-03:~/210953218AKOS$ whereis randomtxts
randomtxts:
student2@MIT-ICT-LAB8-03:~/210953218AKOS$ whereis 210953218AKOS
210953218AKOS:
student2@MIT-ICT-LAB8-03:~/210953218AKOS$ locate
locate: no pattern to search for specified
student2@MIT-ICT-LAB8-03:~/210953218AKOS$ locate -A 
locate: no pattern to search for specified
student2@MIT-ICT-LAB8-03:~/210953218AKOS$ locate file3.txt
student2@MIT-ICT-LAB8-03:~/210953218AKOS$ locate randomtxts
student2@MIT-ICT-LAB8-03:~/210953218AKOS$ find(file3.txt)
bash: syntax error near unexpected token `file3.txt'
student2@MIT-ICT-LAB8-03:~/210953218AKOS$ 
student2@MIT-ICT-LAB8-03:~/210953218AKOS$ mkdir lab1
student2@MIT-ICT-LAB8-03:~/210953218AKOS$ cd lab1
student2@MIT-ICT-LAB8-03:~/210953218AKOS/lab1$ touch q1
student2@MIT-ICT-LAB8-03:~/210953218AKOS/lab1$ cp -n
cp: missing file operand
Try 'cp --help' for more information.
student2@MIT-ICT-LAB8-03:~/210953218AKOS/lab1$ cd .
student2@MIT-ICT-LAB8-03:~/210953218AKOS/lab1$ cd ..
student2@MIT-ICT-LAB8-03:~/210953218AKOS$ cd ..
student2@MIT-ICT-LAB8-03:~$ locate file3.txt
student2@MIT-ICT-LAB8-03:~$ locate file3
/usr/share/doc/libvorbisfile3
/usr/share/doc/libvorbisfile3/changelog.Debian.gz
/usr/share/doc/libvorbisfile3/copyright
/var/lib/dpkg/info/libvorbisfile3:amd64.list
/var/lib/dpkg/info/libvorbisfile3:amd64.md5sums
/var/lib/dpkg/info/libvorbisfile3:amd64.shlibs
/var/lib/dpkg/info/libvorbisfile3:amd64.symbols
/var/lib/dpkg/info/libvorbisfile3:amd64.triggers

